gthr-default.h:229:1:int __gthread_key_delete(__gthread_key_t)	16	static
Nokia5110DisplayDataManager.cpp:7:19:virtual tama::DisplayData tama::Nokia5110DisplayDataManager::getActiveSceneDisplayData(std::shared_ptr<tama::Texture>)	56	static
Nokia5110DisplayDataManager.cpp:22:6:void tama::Nokia5110DisplayDataManager::setPixel(uint8_t&, unsigned int, tama::PixelColor)	24	static
shared_ptr_base.h:966:7:std::__shared_ptr_access<_Tp, _Lp, <anonymous>, <anonymous> >::element_type* std::__shared_ptr_access<_Tp, _Lp, <anonymous>, <anonymous> >::operator->() const [with _Tp = tama::Texture; __gnu_cxx::_Lock_policy _Lp = (__gnu_cxx::_Lock_policy)0; bool <anonymous> = false; bool <anonymous> = false]	16	static
shared_ptr_base.h:974:7:std::__shared_ptr_access<_Tp, _Lp, <anonymous>, <anonymous> >::element_type* std::__shared_ptr_access<_Tp, _Lp, <anonymous>, <anonymous> >::_M_get() const [with _Tp = tama::Texture; __gnu_cxx::_Lock_policy _Lp = (__gnu_cxx::_Lock_policy)0; bool <anonymous> = false; bool <anonymous> = false]	16	static
shared_ptr_base.h:1257:7:std::__shared_ptr<_Tp, _Lp>::element_type* std::__shared_ptr<_Tp, _Lp>::get() const [with _Tp = tama::Texture; __gnu_cxx::_Lock_policy _Lp = (__gnu_cxx::_Lock_policy)0]	16	static
