gthr-default.h:229:1:int __gthread_key_delete(__gthread_key_t)	16	static
shared_ptr_base.h:302:5:void std::_Sp_counted_base<_Lp>::_M_add_ref_copy() [with __gnu_cxx::_Lock_policy _Lp = (__gnu_cxx::_Lock_policy)0]	16	static
shared_ptr_base.h:307:5:void std::_Sp_counted_base<_Lp>::_M_release() [with __gnu_cxx::_Lock_policy _Lp = (__gnu_cxx::_Lock_policy)0]	16	static
shared_ptr_base.h:1121:7:std::__shared_ptr<_Tp, _Lp>::__shared_ptr(const std::__shared_ptr<_Tp, _Lp>&) [with _Tp = tama::OnInput; __gnu_cxx::_Lock_policy _Lp = (__gnu_cxx::_Lock_policy)0]	16	static
shared_ptr_base.h:1123:7:std::__shared_ptr<_Tp, _Lp>::~__shared_ptr() [with _Tp = tama::OnInput; __gnu_cxx::_Lock_policy _Lp = (__gnu_cxx::_Lock_policy)0]	16	static
shared_ptr.h:119:7:std::shared_ptr<_Tp>::shared_ptr(const std::shared_ptr<_Tp>&) [with _Tp = tama::OnInput]	16	static
shared_ptr.h:93:11:std::shared_ptr<tama::OnInput>::~shared_ptr()	16	static
Stm32Input.cpp:9:6:virtual void tama::Stm32Input::update()	40	static
stl_vector.h:563:7:std::vector<_Tp, _Alloc>::iterator std::vector<_Tp, _Alloc>::begin() [with _Tp = std::shared_ptr<tama::OnInput>; _Alloc = std::allocator<std::shared_ptr<tama::OnInput> >]	24	static
stl_vector.h:581:7:std::vector<_Tp, _Alloc>::iterator std::vector<_Tp, _Alloc>::end() [with _Tp = std::shared_ptr<tama::OnInput>; _Alloc = std::allocator<std::shared_ptr<tama::OnInput> >]	24	static
stl_iterator.h:880:5:bool __gnu_cxx::operator!=(const __gnu_cxx::__normal_iterator<_Iterator, _Container>&, const __gnu_cxx::__normal_iterator<_Iterator, _Container>&) [with _Iterator = std::shared_ptr<tama::OnInput>*; _Container = std::vector<std::shared_ptr<tama::OnInput> >]	24	static
stl_iterator.h:800:7:__gnu_cxx::__normal_iterator<_Iterator, _Container>& __gnu_cxx::__normal_iterator<_Iterator, _Container>::operator++() [with _Iterator = std::shared_ptr<tama::OnInput>*; _Container = std::vector<std::shared_ptr<tama::OnInput> >]	16	static
stl_iterator.h:792:7:__gnu_cxx::__normal_iterator<_Iterator, _Container>::reference __gnu_cxx::__normal_iterator<_Iterator, _Container>::operator*() const [with _Iterator = std::shared_ptr<tama::OnInput>*; _Container = std::vector<std::shared_ptr<tama::OnInput> >]	16	static
shared_ptr_base.h:687:7:std::__shared_count<_Lp>::__shared_count(const std::__shared_count<_Lp>&) [with __gnu_cxx::_Lock_policy _Lp = (__gnu_cxx::_Lock_policy)0]	16	static
shared_ptr_base.h:681:7:std::__shared_count<_Lp>::~__shared_count() [with __gnu_cxx::_Lock_policy _Lp = (__gnu_cxx::_Lock_policy)0]	16	static
shared_ptr_base.h:966:7:std::__shared_ptr_access<_Tp, _Lp, <anonymous>, <anonymous> >::element_type* std::__shared_ptr_access<_Tp, _Lp, <anonymous>, <anonymous> >::operator->() const [with _Tp = tama::OnInput; __gnu_cxx::_Lock_policy _Lp = (__gnu_cxx::_Lock_policy)0; bool <anonymous> = false; bool <anonymous> = false]	16	static
stl_iterator.h:779:7:__gnu_cxx::__normal_iterator<_Iterator, _Container>::__normal_iterator(const _Iterator&) [with _Iterator = std::shared_ptr<tama::OnInput>*; _Container = std::vector<std::shared_ptr<tama::OnInput> >]	16	static
stl_iterator.h:844:7:const _Iterator& __gnu_cxx::__normal_iterator<_Iterator, _Container>::base() const [with _Iterator = std::shared_ptr<tama::OnInput>*; _Container = std::vector<std::shared_ptr<tama::OnInput> >]	16	static
shared_ptr_base.h:974:7:std::__shared_ptr_access<_Tp, _Lp, <anonymous>, <anonymous> >::element_type* std::__shared_ptr_access<_Tp, _Lp, <anonymous>, <anonymous> >::_M_get() const [with _Tp = tama::OnInput; __gnu_cxx::_Lock_policy _Lp = (__gnu_cxx::_Lock_policy)0; bool <anonymous> = false; bool <anonymous> = false]	16	static
shared_ptr_base.h:1257:7:std::__shared_ptr<_Tp, _Lp>::element_type* std::__shared_ptr<_Tp, _Lp>::get() const [with _Tp = tama::OnInput; __gnu_cxx::_Lock_policy _Lp = (__gnu_cxx::_Lock_policy)0]	16	static
